This is pdfTeX, Version 3.141592653-2.6-1.40.28 (MiKTeX 25.12) (preloaded format=pdflatex 2026.4.23)  4 MAY 2026 15:35
entering extended mode
 restricted \write18 enabled.
 file:line:error style messages enabled.
 %&-line parsing enabled.
**"c:/Computer/NeurIPS_2026/Ridge Latex/Ridge.tex"
(c:/Computer/NeurIPS_2026/Ridge Latex/Ridge.tex
LaTeX2e <2025-11-01>
L3 programming layer <2025-12-24>
(C:\Users\lukel\AppData\Local\Programs\MiKTeX\tex/latex/base\article.cls
Document Class: article 2025/01/22 v1.4n Standard LaTeX document class
(C:\Users\lukel\AppData\Local\Programs\MiKTeX\tex/latex/base\size10.clo
File: size10.clo 2025/01/22 v1.4n Standard LaTeX file (size option)
)
\c@part=\count275
\c@section=\count276
\c@subsection=\count277
\c@subsubsection=\count278
\c@paragraph=\count279
\c@subparagraph=\count280
\c@figure=\count281
\c@table=\count282
\abovecaptionskip=\skip49
\belowcaptionskip=\skip50
\bibindent=\dimen148
) (neurips_2026.sty
Package: neurips_2026 2026-01-29 NeurIPS 2026 submission/camera-ready style file
 (C:\Users\lukel\AppData\Local\Programs\MiKTeX\tex/latex/environ\environ.sty
Package: environ 2014/05/04 v0.3 A new way to define environments
 (C:\Users\lukel\AppData\Local\Programs\MiKTeX\tex/latex/trimspaces\trimspaces.sty
Package: trimspaces 2009/09/17 v1.1 Trim spaces around a token list
)
\@envbody=\toks17
) (C:\Users\lukel\AppData\Local\Programs\MiKTeX\tex/latex/natbib\natbib.sty
Package: natbib 2010/09/13 8.31b (PWD, AO)
\bibhang=\skip51
\bibsep=\skip52
LaTeX Info: Redefining \cite on input line 694.
\c@NAT@ctr=\count283
) (C:\Users\lukel\AppData\Local\Programs\MiKTeX\tex/latex/geometry\geometry.sty
Package: geometry 2026/03/07 v6.0 Page Geometry
 (C:\Users\lukel\AppData\Local\Programs\MiKTeX\tex/latex/graphics\keyval.sty
Package: keyval 2022/05/29 v1.15 key=value parser (DPC)
\KV@toks@=\toks18
) (C:\Users\lukel\AppData\Local\Programs\MiKTeX\tex/generic/iftex\ifvtex.sty
Package: ifvtex 2019/10/25 v1.7 ifvtex legacy package. Use iftex instead.
 (C:\Users\lukel\AppData\Local\Programs\MiKTeX\tex/generic/iftex\iftex.sty
Package: iftex 2024/12/12 v1.0g TeX engine tests
))
\Gm@cnth=\count284
\Gm@cntv=\count285
\c@Gm@tempcnt=\count286
\Gm@bindingoffset=\dimen149
\Gm@wd@mp=\dimen150
\Gm@odd@mp=\dimen151
\Gm@even@mp=\dimen152
\Gm@layoutwidth=\dimen153
\Gm@layoutheight=\dimen154
\Gm@layouthoffset=\dimen155
\Gm@layoutvoffset=\dimen156
\Gm@dimlist=\toks19
 (C:\Users\lukel\AppData\Local\Programs\MiKTeX\tex/latex/geometry\geometry.cfg))
\@neuripsabovecaptionskip=\skip53
\@neuripsbelowcaptionskip=\skip54
 (C:\Users\lukel\AppData\Local\Programs\MiKTeX\tex/latex/lineno\lineno.sty
Package: lineno 2026/03/08 line numbers on paragraphs v5.9
 (C:\Users\lukel\AppData\Local\Programs\MiKTeX\tex/latex/etoolbox\etoolbox.sty
Package: etoolbox 2025/10/02 v2.5m e-TeX tools for LaTeX (JAW)
\etb@tempcnta=\count287
) (C:\Users\lukel\AppData\Local\Programs\MiKTeX\tex/latex/kvoptions\kvoptions.sty
Package: kvoptions 2022-06-15 v3.15 Key value format for package options (HO)
 (C:\Users\lukel\AppData\Local\Programs\MiKTeX\tex/generic/ltxcmds\ltxcmds.sty
Package: ltxcmds 2023-12-04 v1.26 LaTeX kernel commands for general use (HO)
) (C:\Users\lukel\AppData\Local\Programs\MiKTeX\tex/latex/kvsetkeys\kvsetkeys.sty
Package: kvsetkeys 2022-10-05 v1.19 Key value parser (HO)
))
\linenopenalty=\count288
\output=\toks20
\linenoprevgraf=\count289
\linenumbersep=\dimen157
\linenumberwidth=\dimen158
\c@linenumber=\count290
\c@pagewiselinenumber=\count291
\c@LN@truepage=\count292
\c@internallinenumber=\count293
\c@internallinenumbers=\count294
\quotelinenumbersep=\dimen159
\bframerule=\dimen160
\bframesep=\dimen161
\bframebox=\box53
)) (C:\Users\lukel\AppData\Local\Programs\MiKTeX\tex/latex/base\inputenc.sty
Package: inputenc 2024/02/08 v1.3d Input encoding file
\inpenc@prehook=\toks21
\inpenc@posthook=\toks22
) (C:\Users\lukel\AppData\Local\Programs\MiKTeX\tex/latex/base\fontenc.sty
Package: fontenc 2025/07/18 v2.1d Standard LaTeX package
LaTeX Font Info:    Trying to load font information for T1+ptm on input line 116.
 (C:\Users\lukel\AppData\Local\Programs\MiKTeX\tex/latex/psnfss\t1ptm.fd
File: t1ptm.fd 2001/06/04 font definitions for T1/ptm.
)) (C:\Users\lukel\AppData\Local\Programs\MiKTeX\tex/latex/hyperref\hyperref.sty
Package: hyperref 2025-07-12 v7.01o Hypertext links for LaTeX
 (C:\Users\lukel\AppData\Local\Programs\MiKTeX\tex/generic/kvdefinekeys\kvdefinekeys.sty
Package: kvdefinekeys 2019-12-19 v1.6 Define keys (HO)
) (C:\Users\lukel\AppData\Local\Programs\MiKTeX\tex/generic/pdfescape\pdfescape.sty
Package: pdfescape 2019/12/09 v1.15 Implements pdfTeX's escape features (HO)
 (C:\Users\lukel\AppData\Local\Programs\MiKTeX\tex/generic/pdftexcmds\pdftexcmds.sty
Package: pdftexcmds 2020-06-27 v0.33 Utility functions of pdfTeX for LuaTeX (HO)
 (C:\Users\lukel\AppData\Local\Programs\MiKTeX\tex/generic/infwarerr\infwarerr.sty
Package: infwarerr 2019/12/03 v1.5 Providing info/warning/error messages (HO)
)
Package pdftexcmds Info: \pdf@primitive is available.
Package pdftexcmds Info: \pdf@ifprimitive is available.
Package pdftexcmds Info: \pdfdraftmode found.
)) (C:\Users\lukel\AppData\Local\Programs\MiKTeX\tex/latex/hycolor\hycolor.sty
Package: hycolor 2020-01-27 v1.10 Color options for hyperref/bookmark (HO)
) (C:\Users\lukel\AppData\Local\Programs\MiKTeX\tex/latex/hyperref\nameref.sty
Package: nameref 2025-06-21 v2.57 Cross-referencing by name of section
 (C:\Users\lukel\AppData\Local\Programs\MiKTeX\tex/latex/refcount\refcount.sty
Package: refcount 2019/12/15 v3.6 Data extraction from label references (HO)
) (C:\Users\lukel\AppData\Local\Programs\MiKTeX\tex/generic/gettitlestring\gettitlestring.sty
Package: gettitlestring 2019/12/15 v1.6 Cleanup title references (HO)
)
\c@section@level=\count295
) (C:\Users\lukel\AppData\Local\Programs\MiKTeX\tex/generic/stringenc\stringenc.sty
Package: stringenc 2019/11/29 v1.12 Convert strings between diff. encodings (HO)
)
\@linkdim=\dimen162
\Hy@linkcounter=\count296
\Hy@pagecounter=\count297
 (C:\Users\lukel\AppData\Local\Programs\MiKTeX\tex/latex/hyperref\pd1enc.def
File: pd1enc.def 2025-07-12 v7.01o Hyperref: PDFDocEncoding definition (HO)
Now handling font encoding PD1 ...
... no UTF-8 mapping file for font encoding PD1
) (C:\Users\lukel\AppData\Local\Programs\MiKTeX\tex/generic/intcalc\intcalc.sty
Package: intcalc 2019/12/15 v1.3 Expandable calculations with integers (HO)
)
\Hy@SavedSpaceFactor=\count298
 (C:\Users\lukel\AppData\Local\Programs\MiKTeX\tex/latex/hyperref\puenc.def
File: puenc.def 2025-07-12 v7.01o Hyperref: PDF Unicode definition (HO)
Now handling font encoding PU ...
... no UTF-8 mapping file for font encoding PU
)
Package hyperref Info: Hyper figures OFF on input line 4195.
Package hyperref Info: Link nesting OFF on input line 4200.
Package hyperref Info: Hyper index ON on input line 4203.
Package hyperref Info: Plain pages OFF on input line 4210.
Package hyperref Info: Backreferencing OFF on input line 4215.
Package hyperref Info: Implicit mode ON; LaTeX internals redefined.
Package hyperref Info: Bookmarks ON on input line 4462.
\c@Hy@tempcnt=\count299
 (C:\Users\lukel\AppData\Local\Programs\MiKTeX\tex/latex/url\url.sty
\Urlmuskip=\muskip17
Package: url 2013/09/16  ver 3.4  Verb mode for urls, etc.
)
LaTeX Info: Redefining \url on input line 4801.
\XeTeXLinkMargin=\dimen163
 (C:\Users\lukel\AppData\Local\Programs\MiKTeX\tex/generic/bitset\bitset.sty
Package: bitset 2019/12/09 v1.3 Handle bit-vector datatype (HO)
 (C:\Users\lukel\AppData\Local\Programs\MiKTeX\tex/generic/bigintcalc\bigintcalc.sty
Package: bigintcalc 2019/12/15 v1.5 Expandable calculations on big integers (HO)
))
\Fld@menulength=\count300
\Field@Width=\dimen164
\Fld@charsize=\dimen165
Package hyperref Info: Hyper figures OFF on input line 6078.
Package hyperref Info: Link nesting OFF on input line 6083.
Package hyperref Info: Hyper index ON on input line 6086.
Package hyperref Info: backreferencing OFF on input line 6093.
Package hyperref Info: Link coloring OFF on input line 6098.
Package hyperref Info: Link coloring with OCG OFF on input line 6103.
Package hyperref Info: PDF/A mode OFF on input line 6108.
\Hy@abspage=\count301
\c@Item=\count302
\c@Hfootnote=\count303
)
Package hyperref Info: Driver (autodetected): hpdftex.
 (C:\Users\lukel\AppData\Local\Programs\MiKTeX\tex/latex/hyperref\hpdftex.def
File: hpdftex.def 2025-07-12 v7.01o Hyperref driver for pdfTeX
\Fld@listcount=\count304
\c@bookmark@seq@number=\count305
 (C:\Users\lukel\AppData\Local\Programs\MiKTeX\tex/latex/rerunfilecheck\rerunfilecheck.sty
Package: rerunfilecheck 2025-06-21 v1.11 Rerun checks for auxiliary files (HO)
 (C:\Users\lukel\AppData\Local\Programs\MiKTeX\tex/generic/uniquecounter\uniquecounter.sty
Package: uniquecounter 2019/12/15 v1.4 Provide unlimited unique counter (HO)
)
Package uniquecounter Info: New unique counter `rerunfilecheck' on input line 284.
)
\Hy@SectionHShift=\skip55
) (C:\Users\lukel\AppData\Local\Programs\MiKTeX\tex/latex/booktabs\booktabs.sty
Package: booktabs 2020/01/12 v1.61803398 Publication quality tables
\heavyrulewidth=\dimen166
\lightrulewidth=\dimen167
\cmidrulewidth=\dimen168
\belowrulesep=\dimen169
\belowbottomsep=\dimen170
\aboverulesep=\dimen171
\abovetopsep=\dimen172
\cmidrulesep=\dimen173
\cmidrulekern=\dimen174
\defaultaddspace=\dimen175
\@cmidla=\count306
\@cmidlb=\count307
\@aboverulesep=\dimen176
\@belowrulesep=\dimen177
\@thisruleclass=\count308
\@lastruleclass=\count309
\@thisrulewidth=\dimen178
) (C:\Users\lukel\AppData\Local\Programs\MiKTeX\tex/latex/amsfonts\amsfonts.sty
Package: amsfonts 2013/01/14 v3.01 Basic AMSFonts support
\@emptytoks=\toks23
\symAMSa=\mathgroup4
\symAMSb=\mathgroup5
LaTeX Font Info:    Redeclaring math symbol \hbar on input line 98.
LaTeX Font Info:    Overwriting math alphabet `\mathfrak' in version `bold'
(Font)                  U/euf/m/n --> U/euf/b/n on input line 106.
) (C:\Users\lukel\AppData\Local\Programs\MiKTeX\tex/latex/units\nicefrac.sty
Package: nicefrac 1998/08/04 v0.9b Nice fractions
\L@UnitsRaiseDisplaystyle=\skip56
\L@UnitsRaiseTextstyle=\skip57
\L@UnitsRaiseScriptstyle=\skip58
 (C:\Users\lukel\AppData\Local\Programs\MiKTeX\tex/latex/base\ifthen.sty
Package: ifthen 2024/03/16 v1.1e Standard LaTeX ifthen package (DPC)
)) (C:\Users\lukel\AppData\Local\Programs\MiKTeX\tex/latex/microtype\microtype.sty
Package: microtype 2026/03/01 v3.2d Micro-typographical refinements (RS)
\MT@toks=\toks24
\MT@tempbox=\box54
\MT@count=\count310
LaTeX Info: Redefining \noprotrusionifhmode on input line 1084.
LaTeX Info: Redefining \leftprotrusion on input line 1085.
\MT@prot@toks=\toks25
LaTeX Info: Redefining \rightprotrusion on input line 1104.
LaTeX Info: Redefining \textls on input line 1449.
\MT@outer@kern=\dimen179
LaTeX Info: Redefining \microtypecontext on input line 2053.
LaTeX Info: Redefining \textmicrotypecontext on input line 2070.
\MT@listname@count=\count311
 (C:\Users\lukel\AppData\Local\Programs\MiKTeX\tex/latex/microtype\microtype-pdftex.def
File: microtype-pdftex.def 2026/03/01 v3.2d Definitions specific to pdftex (RS)
LaTeX Info: Redefining \lsstyle on input line 944.
LaTeX Info: Redefining \lslig on input line 944.
\MT@outer@space=\skip59
)
Package microtype Info: Loading configuration file microtype.cfg.
 (C:\Users\lukel\AppData\Local\Programs\MiKTeX\tex/latex/microtype\microtype.cfg
File: microtype.cfg 2026/03/01 v3.2d microtype main configuration file (RS)
)
LaTeX Info: Redefining \microtypesetup on input line 3065.
) (C:\Users\lukel\AppData\Local\Programs\MiKTeX\tex/latex/xcolor\xcolor.sty
Package: xcolor 2024/09/29 v3.02 LaTeX color extensions (UK)
 (C:\Users\lukel\AppData\Local\Programs\MiKTeX\tex/latex/graphics-cfg\color.cfg
File: color.cfg 2016/01/02 v1.6 sample color configuration
)
Package xcolor Info: Driver file: pdftex.def on input line 274.
 (C:\Users\lukel\AppData\Local\Programs\MiKTeX\tex/latex/graphics-def\pdftex.def
File: pdftex.def 2025/09/29 v1.2d Graphics/color driver for pdftex
) (C:\Users\lukel\AppData\Local\Programs\MiKTeX\tex/latex/graphics\mathcolor.ltx)
Package xcolor Info: Model `cmy' substituted by `cmy0' on input line 1349.
Package xcolor Info: Model `hsb' substituted by `rgb' on input line 1353.
Package xcolor Info: Model `RGB' extended on input line 1365.
Package xcolor Info: Model `HTML' substituted by `rgb' on input line 1367.
Package xcolor Info: Model `Hsb' substituted by `hsb' on input line 1368.
Package xcolor Info: Model `tHsb' substituted by `hsb' on input line 1369.
Package xcolor Info: Model `HSB' substituted by `hsb' on input line 1370.
Package xcolor Info: Model `Gray' substituted by `gray' on input line 1371.
Package xcolor Info: Model `wave' substituted by `hsb' on input line 1372.
) (C:\Users\lukel\AppData\Local\Programs\MiKTeX\tex/latex/amsmath\amsmath.sty
Package: amsmath 2025/07/09 v2.17z AMS math features
\@mathmargin=\skip60

For additional information on amsmath, use the `?' option.
(C:\Users\lukel\AppData\Local\Programs\MiKTeX\tex/latex/amsmath\amstext.sty
Package: amstext 2024/11/17 v2.01 AMS text
 (C:\Users\lukel\AppData\Local\Programs\MiKTeX\tex/latex/amsmath\amsgen.sty
File: amsgen.sty 1999/11/30 v2.0 generic functions
\@emptytoks=\toks26
\ex@=\dimen180
)) (C:\Users\lukel\AppData\Local\Programs\MiKTeX\tex/latex/amsmath\amsbsy.sty
Package: amsbsy 1999/11/29 v1.2d Bold Symbols
\pmbraise@=\dimen181
) (C:\Users\lukel\AppData\Local\Programs\MiKTeX\tex/latex/amsmath\amsopn.sty
Package: amsopn 2022/04/08 v2.04 operator names
)
\inf@bad=\count312
LaTeX Info: Redefining \frac on input line 233.
\uproot@=\count313
\leftroot@=\count314
LaTeX Info: Redefining \overline on input line 398.
LaTeX Info: Redefining \colon on input line 409.
\classnum@=\count315
\DOTSCASE@=\count316
LaTeX Info: Redefining \ldots on input line 495.
LaTeX Info: Redefining \dots on input line 498.
LaTeX Info: Redefining \cdots on input line 619.
\Mathstrutbox@=\box55
\strutbox@=\box56
LaTeX Info: Redefining \big on input line 721.
LaTeX Info: Redefining \Big on input line 722.
LaTeX Info: Redefining \bigg on input line 723.
LaTeX Info: Redefining \Bigg on input line 724.
\big@size=\dimen182
LaTeX Font Info:    Redeclaring font encoding OML on input line 742.
LaTeX Font Info:    Redeclaring font encoding OMS on input line 743.
\macc@depth=\count317
LaTeX Info: Redefining \bmod on input line 904.
LaTeX Info: Redefining \pmod on input line 909.
LaTeX Info: Redefining \smash on input line 939.
LaTeX Info: Redefining \relbar on input line 969.
LaTeX Info: Redefining \Relbar on input line 970.
\c@MaxMatrixCols=\count318
\dotsspace@=\muskip18
\c@parentequation=\count319
\dspbrk@lvl=\count320
\tag@help=\toks27
\row@=\count321
\column@=\count322
\maxfields@=\count323
\andhelp@=\toks28
\eqnshift@=\dimen183
\alignsep@=\dimen184
\tagshift@=\dimen185
\tagwidth@=\dimen186
\totwidth@=\dimen187
\lineht@=\dimen188
\@envbody=\toks29
\multlinegap=\skip61
\multlinetaggap=\skip62
\mathdisplay@stack=\toks30
LaTeX Info: Redefining \[ on input line 2950.
LaTeX Info: Redefining \] on input line 2951.
)
\@LN@amsmath@ams@eqpen=\count324
 (C:\Users\lukel\AppData\Local\Programs\MiKTeX\tex/latex/amscls\amsthm.sty
Package: amsthm 2020/05/29 v2.20.6
\thm@style=\toks31
\thm@bodyfont=\toks32
\thm@headfont=\toks33
\thm@notefont=\toks34
\thm@headpunct=\toks35
\thm@preskip=\skip63
\thm@postskip=\skip64
\thm@headsep=\skip65
\dth@everypar=\toks36
) (C:\Users\lukel\AppData\Local\Programs\MiKTeX\tex/latex/amsfonts\amssymb.sty
Package: amssymb 2013/01/14 v3.01 AMS font symbols
) (C:\Users\lukel\AppData\Local\Programs\MiKTeX\tex/latex/graphics\graphicx.sty
Package: graphicx 2024/12/31 v1.2e Enhanced LaTeX Graphics (DPC,SPQR)
 (C:\Users\lukel\AppData\Local\Programs\MiKTeX\tex/latex/graphics\graphics.sty
Package: graphics 2024/08/06 v1.4g Standard LaTeX Graphics (DPC,SPQR)
 (C:\Users\lukel\AppData\Local\Programs\MiKTeX\tex/latex/graphics\trig.sty
Package: trig 2023/12/02 v1.11 sin cos tan (DPC)
) (C:\Users\lukel\AppData\Local\Programs\MiKTeX\tex/latex/graphics-cfg\graphics.cfg
File: graphics.cfg 2016/06/04 v1.11 sample graphics configuration
)
Package graphics Info: Driver file: pdftex.def on input line 106.
)
\Gin@req@height=\dimen189
\Gin@req@width=\dimen190
) (C:\Users\lukel\AppData\Local\Programs\MiKTeX\tex/latex/float\float.sty
Package: float 2001/11/08 v1.3d Float enhancements (AL)
\c@float@type=\count325
\float@exts=\toks37
\float@box=\box57
\@float@everytoks=\toks38
\@floatcapt=\box58
) (C:\Users\lukel\AppData\Local\Programs\MiKTeX\tex/latex/tools\layout.sty
Package: layout 2023-08-20 v1.2e Show layout parameters
\oneinch=\count326
\cnt@paperwidth=\count327
\cnt@paperheight=\count328
\cnt@hoffset=\count329
\cnt@voffset=\count330
\cnt@textheight=\count331
\cnt@textwidth=\count332
\cnt@topmargin=\count333
\cnt@oddsidemargin=\count334
\cnt@evensidemargin=\count335
\cnt@headheight=\count336
\cnt@headsep=\count337
\cnt@marginparsep=\count338
\cnt@marginparwidth=\count339
\cnt@marginparpush=\count340
\cnt@footskip=\count341
\fheight=\count342
\ref@top=\count343
\ref@hoffset=\count344
\ref@voffset=\count345
\ref@head=\count346
\ref@body=\count347
\ref@foot=\count348
\ref@margin=\count349
\ref@marginwidth=\count350
\ref@marginpar=\count351
\Interval=\count352
\ExtraYPos=\count353
\PositionX=\count354
\PositionY=\count355
\ArrowLength=\count356
)
\c@theorem=\count357
 (C:\Users\lukel\AppData\Local\Programs\MiKTeX\tex/latex/comment\comment.sty
\CommentStream=\write3
 Excluding comment 'comment') (C:\Users\lukel\AppData\Local\Programs\MiKTeX\tex/latex/l3backend\l3backend-pdftex.def
File: l3backend-pdftex.def 2025-10-09 L3 backend support: PDF output (pdfTeX)
\l__color_backend_stack_int=\count358
)
No file Ridge.aux.
\openout1 = `Ridge.aux'.

LaTeX Font Info:    Checking defaults for OML/cmm/m/it on input line 35.
LaTeX Font Info:    ... okay on input line 35.
LaTeX Font Info:    Checking defaults for OMS/cmsy/m/n on input line 35.
LaTeX Font Info:    ... okay on input line 35.
LaTeX Font Info:    Checking defaults for OT1/cmr/m/n on input line 35.
LaTeX Font Info:    ... okay on input line 35.
LaTeX Font Info:    Checking defaults for T1/cmr/m/n on input line 35.
LaTeX Font Info:    ... okay on input line 35.
LaTeX Font Info:    Checking defaults for TS1/cmr/m/n on input line 35.
LaTeX Font Info:    ... okay on input line 35.
LaTeX Font Info:    Checking defaults for OMX/cmex/m/n on input line 35.
LaTeX Font Info:    ... okay on input line 35.
LaTeX Font Info:    Checking defaults for U/cmr/m/n on input line 35.
LaTeX Font Info:    ... okay on input line 35.
LaTeX Font Info:    Checking defaults for PD1/pdf/m/n on input line 35.
LaTeX Font Info:    ... okay on input line 35.
LaTeX Font Info:    Checking defaults for PU/pdf/m/n on input line 35.
LaTeX Font Info:    ... okay on input line 35.
*geometry* driver: auto-detecting
*geometry* detected driver: pdftex
*geometry* verbose mode - [ preamble ] result:
* driver: pdftex
* paper: letterpaper
* layout: <same size as paper>
* layoutoffset:(h,v)=(0.0pt,0.0pt)
* modes: 
* h-part:(L,W,R)=(92.14519pt, 430.00462pt, 92.14519pt)
* v-part:(T,H,B)=(95.39737pt, 556.47656pt, 143.09605pt)
* \paperwidth=614.295pt
* \paperheight=794.96999pt
* \textwidth=430.00462pt
* \textheight=556.47656pt
* \oddsidemargin=19.8752pt
* \evensidemargin=19.8752pt
* \topmargin=-13.87262pt
* \headheight=12.0pt
* \headsep=25.0pt
* \topskip=10.0pt
* \footskip=30.0pt
* \marginparwidth=65.0pt
* \marginparsep=11.0pt
* \columnsep=10.0pt
* \skip\footins=9.0pt plus 4.0pt minus 2.0pt
* \hoffset=0.0pt
* \voffset=0.0pt
* \mag=1000
* \@twocolumnfalse
* \@twosidefalse
* \@mparswitchfalse
* \@reversemarginfalse
* (1in=72.27pt=25.4mm, 1cm=28.453pt)

*geometry* verbose mode - [ newgeometry ] result:
* driver: pdftex
* paper: letterpaper
* layout: <same size as paper>
* layoutoffset:(h,v)=(0.0pt,0.0pt)
* modes: 
* h-part:(L,W,R)=(108.405pt, 397.48499pt, 108.40501pt)
* v-part:(T,H,B)=(72.26999pt, 650.43pt, 72.27pt)
* \paperwidth=614.295pt
* \paperheight=794.96999pt
* \textwidth=397.48499pt
* \textheight=650.43pt
* \oddsidemargin=36.13501pt
* \evensidemargin=36.13501pt
* \topmargin=-37.0pt
* \headheight=12.0pt
* \headsep=25.0pt
* \topskip=10.0pt
* \footskip=30.0pt
* \marginparwidth=65.0pt
* \marginparsep=11.0pt
* \columnsep=10.0pt
* \skip\footins=9.0pt plus 4.0pt minus 2.0pt
* \hoffset=0.0pt
* \voffset=0.0pt
* \mag=1000
* \@twocolumnfalse
* \@twosidefalse
* \@mparswitchfalse
* \@reversemarginfalse
* (1in=72.27pt=25.4mm, 1cm=28.453pt)

Package hyperref Info: Link coloring OFF on input line 35.
\@outlinefile=\write4
\openout4 = `Ridge.out'.

LaTeX Info: Redefining \microtypecontext on input line 35.
Package microtype Info: Applying patch `item' on input line 35.
Package microtype Info: Applying patch `toc' on input line 35.
Package microtype Info: Applying patch `eqnum' on input line 35.
Package microtype Info: Applying patch `footnote' on input line 35.
Package microtype Info: Applying patch `verbatim' on input line 35.
LaTeX Info: Redefining \microtypesetup on input line 35.
Package microtype Info: Generating PDF output.
Package microtype Info: Character protrusion enabled (level 2).
Package microtype Info: Using default protrusion set `alltext'.
Package microtype Info: Automatic font expansion enabled (level 2),
(microtype)             stretch: 20, shrink: 20, step: 1, non-selected.
Package microtype Info: Using default expansion set `alltext-nott'.
Package microtype Info: Patching command `\showhyphens'.
Package microtype Info: No adjustment of tracking.
Package microtype Info: No adjustment of interword spacing.
Package microtype Info: No adjustment of character kerning.
(C:\Users\lukel\AppData\Local\Programs\MiKTeX\tex/latex/microtype\mt-ptm.cfg
File: mt-ptm.cfg 2006/04/20 v1.7 microtype config. file: Times (RS)
) (C:\Users\lukel\AppData\Local\Programs\MiKTeX\tex/context/base/mkii\supp-pdf.mkii
[Loading MPS to PDF converter (version 2006.09.02).]
\scratchcounter=\count359
\scratchdimen=\dimen191
\scratchbox=\box59
\nofMPsegments=\count360
\nofMParguments=\count361
\everyMPshowfont=\toks39
\MPscratchCnt=\count362
\MPscratchDim=\dimen192
\MPnumerator=\count363
\makeMPintoPDFobject=\count364
\everyMPtoPDFconversion=\toks40
) (C:\Users\lukel\AppData\Local\Programs\MiKTeX\tex/latex/epstopdf-pkg\epstopdf-base.sty
Package: epstopdf-base 2020-01-24 v2.11 Base part for package epstopdf
Package epstopdf-base Info: Redefining graphics rule for `.eps' on input line 485.
 (C:\Users\lukel\AppData\Local\Programs\MiKTeX\tex/latex/00miktex\epstopdf-sys.cfg
File: epstopdf-sys.cfg 2021/03/18 v2.0 Configuration of epstopdf for MiKTeX
)) (C:\Users\lukel\AppData\Local\Programs\MiKTeX\tex/latex/microtype\mt-cmr.cfg
File: mt-cmr.cfg 2013/05/19 v2.2 microtype config. file: Computer Modern Roman (RS)
)
LaTeX Font Info:    Trying to load font information for U+msa on input line 39.
 (C:\Users\lukel\AppData\Local\Programs\MiKTeX\tex/latex/amsfonts\umsa.fd
File: umsa.fd 2013/01/14 v3.01 AMS symbols A
) (C:\Users\lukel\AppData\Local\Programs\MiKTeX\tex/latex/microtype\mt-msa.cfg
File: mt-msa.cfg 2006/02/04 v1.1 microtype config. file: AMS symbols (a) (RS)
)
LaTeX Font Info:    Trying to load font information for U+msb on input line 39.
 (C:\Users\lukel\AppData\Local\Programs\MiKTeX\tex/latex/amsfonts\umsb.fd
File: umsb.fd 2013/01/14 v3.01 AMS symbols B
) (C:\Users\lukel\AppData\Local\Programs\MiKTeX\tex/latex/microtype\mt-msb.cfg
File: mt-msb.cfg 2005/06/01 v1.0 microtype config. file: AMS symbols (b) (RS)
)
Package microtype Info: Loading generic protrusion settings for font family
(microtype)             `cmtt' (encoding: T1).
(microtype)             For optimal results, create family-specific settings.
(microtype)             See the microtype manual for details.
LaTeX Font Info:    Trying to load font information for T1+phv on input line 40.
 (C:\Users\lukel\AppData\Local\Programs\MiKTeX\tex/latex/psnfss\t1phv.fd
File: t1phv.fd 2020/03/25 scalable font definitions for T1/phv.
)
Package microtype Info: Loading generic protrusion settings for font family
(microtype)             `phv' (encoding: T1).
(microtype)             For optimal results, create family-specific settings.
(microtype)             See the microtype manual for details.


LaTeX Warning: Reference `app:ti_setup' on page 1 undefined on input line 42.


LaTeX Warning: Reference `app:ti_intuition' on page 1 undefined on input line 42.


LaTeX Warning: Reference `app:ti_ridge' on page 1 undefined on input line 42.


LaTeX Warning: Reference `app:ti_gradient_flow' on page 1 undefined on input line 42.


LaTeX Warning: Reference `app:induced_kernel' on page 1 undefined on input line 74.


Package natbib Warning: Citation `TODO_ref7' on page 1 undefined on input line 75.

[1


{C:/Users/lukel/AppData/Local/MiKTeX/fonts/map/pdftex/pdftex.map}{C:/Users/lukel/AppData/Local/Programs/MiKTeX/fonts/enc/dvips/base/8r.enc}]

LaTeX Warning: Reference `app:norm_minimization' on page 2 undefined on input line 79.


LaTeX Warning: Reference `eq:dual' on page 2 undefined on input line 105.


Package natbib Warning: Citation `TODO_ref8' on page 2 undefined on input line 105.

[2]
pdfTeX warning (ext4): destination with the same identifier (name{equation.14}) has been already used, duplicate ignored
<to be read again> 
                   \relax 
l.142 \begin{equation}
                      
pdfTeX warning (ext4): destination with the same identifier (name{equation.14}) has been already used, duplicate ignored
<to be read again> 
                   \relax 
l.142 \begin{equation}
                      
pdfTeX warning (ext4): destination with the same identifier (name{equation.14}) has been already used, duplicate ignored
<to be read again> 
                   \relax 
l.142 \begin{equation}
                      
pdfTeX warning (ext4): destination with the same identifier (name{equation.14}) has been already used, duplicate ignored
<to be read again> 
                   \relax 
l.142 \begin{equation}
                      
Overfull \hbox (45.88704pt too wide) detected at line 172
[]
 []


c:/Computer/NeurIPS_2026/Ridge Latex/Ridge.tex:173: Package amsmath Error: \tag not allowed here.

See the amsmath package documentation for explanation.
Type  H <return>  for immediate help.
 ...                                              
                                                  
l.173 \tag
          {S52}
\tag cannot be used at this point. If you don't understand why
you should consult the documentation.
But don't worry: just continue, and I'll forget what happened. 


pdfTeX warning (ext4): destination with the same identifier (name{equation.14}) has been already used, duplicate ignored
<to be read again> 
                   \relax 
l.176 \begin{equation}
                      
pdfTeX warning (ext4): destination with the same identifier (name{equation.14}) has been already used, duplicate ignored
<to be read again> 
                   \relax 
l.176 \begin{equation}
                      
pdfTeX warning (ext4): destination with the same identifier (name{equation.14}) has been already used, duplicate ignored
<to be read again> 
                   \relax 
l.176 \begin{equation}
                      
pdfTeX warning (ext4): destination with the same identifier (name{equation.14}) has been already used, duplicate ignored
<to be read again> 
                   \relax 
l.176 \begin{equation}
                      
pdfTeX warning (ext4): destination with the same identifier (name{equation.14}) has been already used, duplicate ignored
<to be read again> 
                   \relax 
l.184 \begin{equation}
                      
pdfTeX warning (ext4): destination with the same identifier (name{equation.14}) has been already used, duplicate ignored
<to be read again> 
                   \relax 
l.184 \begin{equation}
                      
pdfTeX warning (ext4): destination with the same identifier (name{equation.14}) has been already used, duplicate ignored
<to be read again> 
                   \relax 
l.184 \begin{equation}
                      
pdfTeX warning (ext4): destination with the same identifier (name{equation.14}) has been already used, duplicate ignored
<to be read again> 
                   \relax 
l.184 \begin{equation}
                      
pdfTeX warning (ext4): destination with the same identifier (name{equation.14}) has been already used, duplicate ignored
<to be read again> 
                   \relax 
l.190 \begin{equation}
                      
pdfTeX warning (ext4): destination with the same identifier (name{equation.14}) has been already used, duplicate ignored
<to be read again> 
                   \relax 
l.190 \begin{equation}
                      
pdfTeX warning (ext4): destination with the same identifier (name{equation.14}) has been already used, duplicate ignored
<to be read again> 
                   \relax 
l.190 \begin{equation}
                      
pdfTeX warning (ext4): destination with the same identifier (name{equation.14}) has been already used, duplicate ignored
<to be read again> 
                   \relax 
l.190 \begin{equation}
                      
pdfTeX warning (ext4): destination with the same identifier (name{equation.14}) has been already used, duplicate ignored
<to be read again> 
                   \relax 
l.197 \begin{equation}
                      
pdfTeX warning (ext4): destination with the same identifier (name{equation.14}) has been already used, duplicate ignored
<to be read again> 
                   \relax 
l.197 \begin{equation}
                      
pdfTeX warning (ext4): destination with the same identifier (name{equation.14}) has been already used, duplicate ignored
<to be read again> 
                   \relax 
l.197 \begin{equation}
                      
pdfTeX warning (ext4): destination with the same identifier (name{equation.14}) has been already used, duplicate ignored
<to be read again> 
                   \relax 
l.197 \begin{equation}
                       [3
pdfTeX warning (ext4): destination with the same identifier (name{equation.14}) has been already used, duplicate ignored
<argument> ...shipout:D \box_use:N \l_shipout_box 
                                                  \__shipout_drop_firstpage_...
l.243 \]
        
pdfTeX warning (ext4): destination with the same identifier (name{equation.14}) has been already used, duplicate ignored
<argument> ...shipout:D \box_use:N \l_shipout_box 
                                                  \__shipout_drop_firstpage_...
l.243 \]
        ]
pdfTeX warning (ext4): destination with the same identifier (name{equation.14}) has been already used, duplicate ignored
<to be read again> 
                   \relax 
l.256 \begin{equation}
                      
pdfTeX warning (ext4): destination with the same identifier (name{equation.14}) has been already used, duplicate ignored
<to be read again> 
                   \relax 
l.256 \begin{equation}
                      
pdfTeX warning (ext4): destination with the same identifier (name{equation.14}) has been already used, duplicate ignored
<to be read again> 
                   \relax 
l.256 \begin{equation}
                      
pdfTeX warning (ext4): destination with the same identifier (name{equation.14}) has been already used, duplicate ignored
<to be read again> 
                   \relax 
l.256 \begin{equation}
                      
Underfull \hbox (badness 10000) in paragraph at lines 269--271

 []


pdfTeX warning (ext4): destination with the same identifier (name{equation.14}) has been already used, duplicate ignored
<to be read again> 
                   \relax 
l.284 \begin{equation}
                      
pdfTeX warning (ext4): destination with the same identifier (name{equation.14}) has been already used, duplicate ignored
<to be read again> 
                   \relax 
l.284 \begin{equation}
                      
pdfTeX warning (ext4): destination with the same identifier (name{equation.14}) has been already used, duplicate ignored
<to be read again> 
                   \relax 
l.284 \begin{equation}
                      
pdfTeX warning (ext4): destination with the same identifier (name{equation.14}) has been already used, duplicate ignored
<to be read again> 
                   \relax 
l.284 \begin{equation}
                      
Overfull \hbox (105.7478pt too wide) detected at line 289
[][][]\OML/cmm/m/it/10 f  [] \OT1/cmr/m/n/10 = [] \OML/cmm/m/it/10 a[]K\OT1/cmr/m/n/10 (\OML/cmm/m/it/10 x; x[]\OT1/cmr/m/n/10 ) = [] \OML/cmm/m/it/10 K\OT1/cmr/m/n/10 (\OML/cmm/m/it/10 i; i \OT1/cmr/m/n/10 + 1; \OML/cmm/m/it/10 j; k\OT1/cmr/m/n/10 ) \OML/cmm/m/it/10 b[] \OT1/cmr/m/n/10 + [] \OML/cmm/m/it/10 K\OT1/cmr/m/n/10 (\OML/cmm/m/it/10 i \OT1/cmr/m/n/10 + 1\OML/cmm/m/it/10 ; i\OT1/cmr/m/n/10 ; \OML/cmm/m/it/10 j; k\OT1/cmr/m/n/10 ) \OML/cmm/m/it/10 b[] \OT1/cmr/m/n/10 + \OML/cmm/m/it/10 K\OT1/cmr/m/n/10 (\OML/cmm/m/it/10 p; q\OT1/cmr/m/n/10 ; \OML/cmm/m/it/10 j; k\OT1/cmr/m/n/10 )\OML/cmm/m/it/10 h[] \OT1/cmr/m/n/10 + \OML/cmm/m/it/10 K\OT1/cmr/m/n/10 (\OML/cmm/m/it/10 q; p\OT1/cmr/m/n/10 ; \OML/cmm/m/it/10 j; k\OT1/cmr/m/n/10 )[]\OML/cmm/m/it/10 :
 []


pdfTeX warning (ext4): destination with the same identifier (name{equation.14}) has been already used, duplicate ignored
<to be read again> 
                   \relax 
l.292 \begin{equation}
                      
pdfTeX warning (ext4): destination with the same identifier (name{equation.14}) has been already used, duplicate ignored
<to be read again> 
                   \relax 
l.292 \begin{equation}
                      
pdfTeX warning (ext4): destination with the same identifier (name{equation.14}) has been already used, duplicate ignored
<to be read again> 
                   \relax 
l.292 \begin{equation}
                      
pdfTeX warning (ext4): destination with the same identifier (name{equation.14}) has been already used, duplicate ignored
<to be read again> 
                   \relax 
l.292 \begin{equation}
                      
Overfull \hbox (1.44122pt too wide) detected at line 296
[][][]\OML/cmm/m/it/10 f  [] \OT1/cmr/m/n/10 = [] \OML/cmm/m/it/10 K\OT1/cmr/m/n/10 (\OML/cmm/m/it/10 i; i \OT1/cmr/m/n/10 + 1; \OML/cmm/m/it/10 j; k\OT1/cmr/m/n/10 ) \OML/cmm/m/it/10 b[] \OMS/cmsy/m/n/10 ^^@ [] \OML/cmm/m/it/10 K\OT1/cmr/m/n/10 (\OML/cmm/m/it/10 i \OT1/cmr/m/n/10 + 1\OML/cmm/m/it/10 ; i\OT1/cmr/m/n/10 ; \OML/cmm/m/it/10 j; k\OT1/cmr/m/n/10 ) \OML/cmm/m/it/10 b[] \OT1/cmr/m/n/10 + \OML/cmm/m/it/10 K\OT1/cmr/m/n/10 (\OML/cmm/m/it/10 p; q\OT1/cmr/m/n/10 ; \OML/cmm/m/it/10 j; k\OT1/cmr/m/n/10 )\OML/cmm/m/it/10 h[] \OMS/cmsy/m/n/10 ^^@ \OML/cmm/m/it/10 K\OT1/cmr/m/n/10 (\OML/cmm/m/it/10 q; p\OT1/cmr/m/n/10 ; \OML/cmm/m/it/10 j; k\OT1/cmr/m/n/10 )[]\OML/cmm/m/it/10 :
 []


pdfTeX warning (ext4): destination with the same identifier (name{equation.14}) has been already used, duplicate ignored
<to be read again> 
                   \relax 
l.305 \begin{equation}
                      
pdfTeX warning (ext4): destination with the same identifier (name{equation.14}) has been already used, duplicate ignored
<to be read again> 
                   \relax 
l.305 \begin{equation}
                      
pdfTeX warning (ext4): destination with the same identifier (name{equation.14}) has been already used, duplicate ignored
<to be read again> 
                   \relax 
l.305 \begin{equation}
                      
pdfTeX warning (ext4): destination with the same identifier (name{equation.14}) has been already used, duplicate ignored
<to be read again> 
                   \relax 
l.305 \begin{equation}
                      
pdfTeX warning (ext4): destination with the same identifier (name{equation.14}) has been already used, duplicate ignored
<to be read again> 
                   \relax 
l.314 \begin{equation}
                      
pdfTeX warning (ext4): destination with the same identifier (name{equation.14}) has been already used, duplicate ignored
<to be read again> 
                   \relax 
l.314 \begin{equation}
                      
pdfTeX warning (ext4): destination with the same identifier (name{equation.14}) has been already used, duplicate ignored
<to be read again> 
                   \relax 
l.314 \begin{equation}
                      
pdfTeX warning (ext4): destination with the same identifier (name{equation.14}) has been already used, duplicate ignored
<to be read again> 
                   \relax 
l.314 \begin{equation}
                      
pdfTeX warning (ext4): destination with the same identifier (name{equation.14}) has been already used, duplicate ignored
<to be read again> 
                   \relax 
l.320 \begin{equation}
                      
pdfTeX warning (ext4): destination with the same identifier (name{equation.14}) has been already used, duplicate ignored
<to be read again> 
                   \relax 
l.320 \begin{equation}
                      
pdfTeX warning (ext4): destination with the same identifier (name{equation.14}) has been already used, duplicate ignored
<to be read again> 
                   \relax 
l.320 \begin{equation}
                      
pdfTeX warning (ext4): destination with the same identifier (name{equation.14}) has been already used, duplicate ignored
<to be read again> 
                   \relax 
l.320 \begin{equation}
                       [4]
pdfTeX warning (ext4): destination with the same identifier (name{equation.14}) has been already used, duplicate ignored
<to be read again> 
                   \relax 
l.331 \begin{equation}
                      
pdfTeX warning (ext4): destination with the same identifier (name{equation.14}) has been already used, duplicate ignored
<to be read again> 
                   \relax 
l.331 \begin{equation}
                      
pdfTeX warning (ext4): destination with the same identifier (name{equation.14}) has been already used, duplicate ignored
<to be read again> 
                   \relax 
l.331 \begin{equation}
                      
pdfTeX warning (ext4): destination with the same identifier (name{equation.14}) has been already used, duplicate ignored
<to be read again> 
                   \relax 
l.331 \begin{equation}
                      
pdfTeX warning (ext4): destination with the same identifier (name{equation.14}) has been already used, duplicate ignored
<to be read again> 
                   \relax 
l.337 \begin{equation}
                      
pdfTeX warning (ext4): destination with the same identifier (name{equation.14}) has been already used, duplicate ignored
<to be read again> 
                   \relax 
l.337 \begin{equation}
                      
pdfTeX warning (ext4): destination with the same identifier (name{equation.14}) has been already used, duplicate ignored
<to be read again> 
                   \relax 
l.337 \begin{equation}
                      
pdfTeX warning (ext4): destination with the same identifier (name{equation.14}) has been already used, duplicate ignored
<to be read again> 
                   \relax 
l.337 \begin{equation}
                      
Overfull \hbox (2.67253pt too wide) detected at line 343
[][][][] \OML/cmm/m/it/10 K\OT1/cmr/m/n/10 (\OML/cmm/m/it/10 i \OT1/cmr/m/n/10 + 1\OML/cmm/m/it/10 ; i\OT1/cmr/m/n/10 ; \OML/cmm/m/it/10 j; k \OT1/cmr/m/n/10 = \OML/cmm/m/it/10 j \OT1/cmr/m/n/10 + 1)[] + \OML/cmm/m/it/10 K\OT1/cmr/m/n/10 (\OML/cmm/m/it/10 q; p\OT1/cmr/m/n/10 ; \OML/cmm/m/it/10 j; j; k \OT1/cmr/m/n/10 = \OML/cmm/m/it/10 j \OT1/cmr/m/n/10 + 1)[] = \OML/cmm/m/it/10 ^^T[]\OMS/cmsy/m/n/10 h[]i \OT1/cmr/m/n/10 + \OML/cmm/m/it/10 ^^N[]\OT1/cmr/m/n/10 ([] + []) + \OML/cmm/m/it/10 ^^N[][]\OT1/cmr/m/n/10 (\OML/cmm/m/it/10 ^^N[] \OT1/cmr/m/n/10 + \OML/cmm/m/it/10 ^^N[]\OT1/cmr/m/n/10 )
 []


pdfTeX warning (ext4): destination with the same identifier (name{equation.14}) has been already used, duplicate ignored
<to be read again> 
                   \relax 
l.345 \begin{equation}
                      
pdfTeX warning (ext4): destination with the same identifier (name{equation.14}) has been already used, duplicate ignored
<to be read again> 
                   \relax 
l.345 \begin{equation}
                      
pdfTeX warning (ext4): destination with the same identifier (name{equation.14}) has been already used, duplicate ignored
<to be read again> 
                   \relax 
l.345 \begin{equation}
                      
pdfTeX warning (ext4): destination with the same identifier (name{equation.14}) has been already used, duplicate ignored
<to be read again> 
                   \relax 
l.345 \begin{equation}
                      
pdfTeX warning (ext4): destination with the same identifier (name{equation.14}) has been already used, duplicate ignored
<to be read again> 
                   \relax 
l.351 \begin{equation}
                      
pdfTeX warning (ext4): destination with the same identifier (name{equation.14}) has been already used, duplicate ignored
<to be read again> 
                   \relax 
l.351 \begin{equation}
                      
pdfTeX warning (ext4): destination with the same identifier (name{equation.14}) has been already used, duplicate ignored
<to be read again> 
                   \relax 
l.351 \begin{equation}
                      
pdfTeX warning (ext4): destination with the same identifier (name{equation.14}) has been already used, duplicate ignored
<to be read again> 
                   \relax 
l.351 \begin{equation}
                      
pdfTeX warning (ext4): destination with the same identifier (name{equation.14}) has been already used, duplicate ignored
<to be read again> 
                   \relax 
l.357 \begin{equation}
                      
pdfTeX warning (ext4): destination with the same identifier (name{equation.14}) has been already used, duplicate ignored
<to be read again> 
                   \relax 
l.357 \begin{equation}
                      
pdfTeX warning (ext4): destination with the same identifier (name{equation.14}) has been already used, duplicate ignored
<to be read again> 
                   \relax 
l.357 \begin{equation}
                      
pdfTeX warning (ext4): destination with the same identifier (name{equation.14}) has been already used, duplicate ignored
<to be read again> 
                   \relax 
l.357 \begin{equation}
                      
pdfTeX warning (ext4): destination with the same identifier (name{equation.14}) has been already used, duplicate ignored
<to be read again> 
                   \relax 
l.363 \begin{equation}
                      
pdfTeX warning (ext4): destination with the same identifier (name{equation.14}) has been already used, duplicate ignored
<to be read again> 
                   \relax 
l.363 \begin{equation}
                      
pdfTeX warning (ext4): destination with the same identifier (name{equation.14}) has been already used, duplicate ignored
<to be read again> 
                   \relax 
l.363 \begin{equation}
                      
pdfTeX warning (ext4): destination with the same identifier (name{equation.14}) has been already used, duplicate ignored
<to be read again> 
                   \relax 
l.363 \begin{equation}
                      
Overfull \hbox (46.30125pt too wide) detected at line 379
\OML/cmm/m/it/10 f\OT1/cmr/m/n/10 (\OML/cmm/m/it/10 x[]; x[]\OT1/cmr/m/n/10 ) = []
 []


pdfTeX warning (ext4): destination with the same identifier (name{equation.14}) has been already used, duplicate ignored
<to be read again> 
                   \relax 
l.383 \begin{equation}
                      
pdfTeX warning (ext4): destination with the same identifier (name{equation.14}) has been already used, duplicate ignored
<to be read again> 
                   \relax 
l.383 \begin{equation}
                      
pdfTeX warning (ext4): destination with the same identifier (name{equation.14}) has been already used, duplicate ignored
<to be read again> 
                   \relax 
l.383 \begin{equation}
                      
pdfTeX warning (ext4): destination with the same identifier (name{equation.14}) has been already used, duplicate ignored
<to be read again> 
                   \relax 
l.383 \begin{equation}
                      
pdfTeX warning (ext4): destination with the same identifier (name{equation.14}) has been already used, duplicate ignored
<to be read again> 
                   \relax 
l.403 \begin{equation}
                      
pdfTeX warning (ext4): destination with the same identifier (name{equation.14}) has been already used, duplicate ignored
<to be read again> 
                   \relax 
l.403 \begin{equation}
                      
pdfTeX warning (ext4): destination with the same identifier (name{equation.14}) has been already used, duplicate ignored
<to be read again> 
                   \relax 
l.403 \begin{equation}
                      
pdfTeX warning (ext4): destination with the same identifier (name{equation.14}) has been already used, duplicate ignored
<to be read again> 
                   \relax 
l.403 \begin{equation}
                      
pdfTeX warning (ext4): destination with the same identifier (name{equation.14}) has been already used, duplicate ignored
<to be read again> 
                   \relax 
l.409 \begin{equation}
                      
pdfTeX warning (ext4): destination with the same identifier (name{equation.14}) has been already used, duplicate ignored
<to be read again> 
                   \relax 
l.409 \begin{equation}
                      
pdfTeX warning (ext4): destination with the same identifier (name{equation.14}) has been already used, duplicate ignored
<to be read again> 
                   \relax 
l.409 \begin{equation}
                      
pdfTeX warning (ext4): destination with the same identifier (name{equation.14}) has been already used, duplicate ignored
<to be read again> 
                   \relax 
l.409 \begin{equation}
                       [5]
pdfTeX warning (ext4): destination with the same identifier (name{equation.14}) has been already used, duplicate ignored
<to be read again> 
                   \relax 
l.414 \begin{equation}
                      
pdfTeX warning (ext4): destination with the same identifier (name{equation.14}) has been already used, duplicate ignored
<to be read again> 
                   \relax 
l.414 \begin{equation}
                      
pdfTeX warning (ext4): destination with the same identifier (name{equation.14}) has been already used, duplicate ignored
<to be read again> 
                   \relax 
l.414 \begin{equation}
                      
pdfTeX warning (ext4): destination with the same identifier (name{equation.14}) has been already used, duplicate ignored
<to be read again> 
                   \relax 
l.414 \begin{equation}
                      

LaTeX Warning: Reference `S57' on page 6 undefined on input line 435.


LaTeX Warning: Reference `eq:dualrowj' on page 6 undefined on input line 441.


LaTeX Warning: Reference `eq:fcase' on page 6 undefined on input line 441.


LaTeX Warning: Reference `eq:dualrowj' on page 6 undefined on input line 454.


LaTeX Warning: Reference `eq:bbarinrank' on page 6 undefined on input line 466.


LaTeX Warning: Reference `eq:fbbar' on page 6 undefined on input line 466.


Overfull \hbox (15.29773pt too wide) detected at line 489
[]
 []

[6]
Overfull \hbox (59.25061pt too wide) detected at line 546
[]
 []

[7] (Ridge.bbl

Package natbib Warning: Empty `thebibliography' environment on input line 8.

) [8]

Package natbib Warning: There were undefined citations.

[9] (Ridge.aux)
 ***********
LaTeX2e <2025-11-01>
L3 programming layer <2025-12-24>
 ***********


LaTeX Warning: There were undefined references.


LaTeX Warning: Label(s) may have changed. Rerun to get cross-references right.


Package rerunfilecheck Warning: File `Ridge.out' has changed.
(rerunfilecheck)                Rerun to get outlines right
(rerunfilecheck)                or use package `bookmark'.

Package rerunfilecheck Info: Checksums for `Ridge.out':
(rerunfilecheck)             Before: <no file>
(rerunfilecheck)             After:  63C30D6A59F4A96A8DFFCCF973E4BC95;1383.
 ) 
Here is how much of TeX's memory you used:
 14368 strings out of 467871
 222888 string characters out of 5418376
 693166 words of memory out of 5000000
 42821 multiletter control sequences out of 15000+600000
 664951 words of font info for 152 fonts, out of 8000000 for 9000
 1141 hyphenation exceptions out of 8191
 72i,18n,79p,1041b,489s stack positions out of 10000i,1000n,20000p,200000b,200000s
 <C:\Users\lukel\AppData\Local\MiKTeX\fonts/pk/ljfour/jknappen/ec/dpi600\ectt1000.pk><C:/Users/lukel/AppData/Local/Programs/MiKTeX/fonts/type1/public/amsfonts/cm/cmbx10.pfb><C:/Users/lukel/AppData/Local/Programs/MiKTeX/fonts/type1/public/amsfonts/cm/cmex10.pfb><C:/Users/lukel/AppData/Local/Programs/MiKTeX/fonts/type1/public/amsfonts/cm/cmmi10.pfb><C:/Users/lukel/AppData/Local/Programs/MiKTeX/fonts/type1/public/amsfonts/cm/cmmi5.pfb><C:/Users/lukel/AppData/Local/Programs/MiKTeX/fonts/type1/public/amsfonts/cm/cmmi7.pfb><C:/Users/lukel/AppData/Local/Programs/MiKTeX/fonts/type1/public/amsfonts/cm/cmr10.pfb><C:/Users/lukel/AppData/Local/Programs/MiKTeX/fonts/type1/public/amsfonts/cm/cmr5.pfb><C:/Users/lukel/AppData/Local/Programs/MiKTeX/fonts/type1/public/amsfonts/cm/cmr7.pfb><C:/Users/lukel/AppData/Local/Programs/MiKTeX/fonts/type1/public/amsfonts/cm/cmsy10.pfb><C:/Users/lukel/AppData/Local/Programs/MiKTeX/fonts/type1/public/amsfonts/cm/cmsy5.pfb><C:/Users/lukel/AppData/Local/Programs/MiKTeX/fonts/type1/public/amsfonts/cm/cmsy7.pfb><C:/Users/lukel/AppData/Local/Programs/MiKTeX/fonts/type1/public/amsfonts/symbols/msbm10.pfb><C:/Users/lukel/AppData/Local/Programs/MiKTeX/fonts/type1/urw/helvetic/uhvr8a.pfb><C:/Users/lukel/AppData/Local/Programs/MiKTeX/fonts/type1/urw/times/utmb8a.pfb><C:/Users/lukel/AppData/Local/Programs/MiKTeX/fonts/type1/urw/times/utmr8a.pfb><C:/Users/lukel/AppData/Local/Programs/MiKTeX/fonts/type1/urw/times/utmri8a.pfb>
Output written on Ridge.pdf (9 pages, 221816 bytes).
PDF statistics:
 231 PDF objects out of 1000 (max. 8388607)
 88 named destinations out of 1000 (max. 500000)
 44545 words of extra memory for PDF output out of 51595 (max. 10000000)

